1740437227time().Intento fallido usuario asd !
1740437239time().Intento fallido usuario sdfsfd !
1740437260time().Intento fallido usuario jasdo !
1740437325Intento fallido usuario jasdo !
1740437330Intento fallido usuario 1331 !
1740437333Intento fallido usuario 131313 !
1740437350Intento fallido usuario  !
1740437620Intento fallido usuario asd !
1740437639Intento fallido usuario asd !
1740437642Intento fallido usuario  !
1740437644Intento fallido usuario we !
1740437653Intento fallido usuario we !
1740437655Intento fallido usuario  !
1740437700Intento fallido usuario  !
1740438027+('%H:%I') - Intento fallido usuario  !
1740439434+('%H:%I') - Intento fallido usuario  !
00:28:05+('%H:%I') - Intento fallido usuario  !
00:28:31+('%H:%I') - Intento fallido usuario  !
00:28:33+('%H:%I') - Intento fallido usuario  !
00:28:37+('%H:%I') - Intento fallido usuario  !
00:29:26+('%H:%I') - Intento fallido usuario  !
00:29:29+('%H:%I') - Intento fallido usuario  !
2025-02-25 00:30:32+('Y-m-d H:i:s')- Intento fallido usuario  !
2025-02-25 00:32:20+('Y-m-d H:i:s')- Intento fallido usuario qw !
2025-02-25 00:33:212025-02-25 00:33:21- Intento fallido usuario 123312 !
2025-02-25 00:33:272025-02-25 00:33:27- Intento fallido usuario 21 !
2025-02-25 00:36:122025-02-25 00:36:12- Intento fallido usuario 21 !
2025-02-25 00:36:162025-02-25 00:36:16- Intento fallido usuario  !
2025-02-25 00:36:582025-02-25 00:36:58- Intento fallido usuario  !
2025-02-25 01:05:18 -  Intento fallido usuario  !
2025-02-25 01:05:28 -  Intento fallido usuario ew !
2025-02-25 01:06:30 -  Intento fallido usuario  !
2025-02-25 01:06:32 -  Intento fallido usuario  !
2025-02-25 01:06:45 -  Intento fallido usuario a12341234 !
2025-02-25 01:12:57 -  Intento fallido usuario a12341234 !
2025-02-25 01:14:10 -  Intento fallido usuario  !
2025-02-25 01:15:38 -  Intento fallido usuario 12 !
2025-02-25 01:17:33 -  Intento fallido usuario tes !
2025-02-25 09:12:59 -  Intento fallido usuario  !
2025-02-27 11:41:39 -  Intento fallido usuario asdafsd !
2025-02-27 11:42:21 -  Intento fallido usuario asdafsd !
