Mensaje no enviado: 
Mensaje no enviado: No se pudo enviar el email.
Intento fallido usuario 12 !
Intento fallido usuario test !
Mensaje enviado correctamente !
Mensaje no enviado: No se pudo enviar el email.
Intento fallido usuario test !
Intento fallido usuario tes !
Intento fallido usuario tes !
Intento fallido usuario 132 !
Intento fallido usuario 132 !
Intento fallido usuario 132 !
Intento fallido usuario 132 !
Intento fallido usuario 132 !
Intento fallido usuario 12 !
Intento fallido usuario  !
Intento fallido usuario 12 !
Intento fallido usuario  !
Intento fallido usuario  !
Intento fallido usuario  !
Intento fallido usuario  !
Intento fallido usuario  !
Intento fallido usuario  !
Intento fallido usuario  !
Intento fallido usuario  !
Intento fallido usuario  !
Intento fallido usuario  !
Intento fallido usuario  !
Intento fallido usuario tes !
Intento fallido usuario tes !
Intento fallido usuario test !
Intento fallido usuario tes !
Intento fallido usuario 12 !
Intento fallido usuario  !
Intento fallido usuario 12 !
